
2025/04/17 (17:42:08) | ===> btop++ v.1.4.0
2025/04/17 (17:42:08) | WARNING: Failed to get disk/partition stats for mount "/media/2TB" with statvfs error code: 112. Ignoring...

2025/04/17 (17:42:51) | ===> btop++ v.1.4.0
2025/04/17 (17:42:51) | WARNING: Failed to get disk/partition stats for mount "/media/2TB" with statvfs error code: 112. Ignoring...

2025/11/17 (22:18:40) | ===> btop++ v.1.4.0
2025/11/17 (22:18:40) | WARNING: No good candidate for cpu sensor found, using random from all found sensors.

2025/11/28 (21:23:02) | ===> btop++ v.1.4.0
2025/11/28 (21:23:02) | WARNING: No good candidate for cpu sensor found, using random from all found sensors.

2025/11/29 (15:39:35) | ===> btop++ v.1.4.0
2025/11/29 (15:39:35) | WARNING: No good candidate for cpu sensor found, using random from all found sensors.

2025/11/29 (15:53:16) | ===> btop++ v.1.4.0
2025/11/29 (15:53:16) | WARNING: No good candidate for cpu sensor found, using random from all found sensors.

2025/12/09 (15:48:41) | ===> btop++ v.1.4.0
2025/12/09 (15:48:41) | WARNING: No good candidate for cpu sensor found, using random from all found sensors.

2026/03/15 (12:05:41) | ===> btop++ v.1.4.0
2026/03/15 (12:05:41) | WARNING: No good candidate for cpu sensor found, using random from all found sensors.

2026/03/16 (12:41:05) | ===> btop++ v.1.4.0
2026/03/16 (12:41:05) | WARNING: No good candidate for cpu sensor found, using random from all found sensors.

2026/03/16 (12:42:58) | ===> btop++ v.1.4.0
2026/03/16 (12:42:58) | WARNING: No good candidate for cpu sensor found, using random from all found sensors.

2026/03/16 (12:43:32) | ===> btop++ v.1.4.0
2026/03/16 (12:43:32) | WARNING: No good candidate for cpu sensor found, using random from all found sensors.

2026/03/16 (12:43:47) | ===> btop++ v.1.4.0
2026/03/16 (12:43:47) | WARNING: No good candidate for cpu sensor found, using random from all found sensors.

2026/03/17 (10:45:42) | ===> btop++ v.1.4.0
2026/03/17 (10:45:42) | ERROR: No tty detected!
btop++ needs an interactive shell to run.

2026/03/17 (10:45:49) | ===> btop++ v.1.4.0
2026/03/17 (10:45:49) | WARNING: No good candidate for cpu sensor found, using random from all found sensors.

2026/03/17 (16:05:04) | ===> btop++ v.1.4.0
2026/03/17 (16:05:04) | WARNING: No good candidate for cpu sensor found, using random from all found sensors.

2026/03/18 (09:09:50) | ===> btop++ v.1.4.0
2026/03/18 (09:09:50) | WARNING: No good candidate for cpu sensor found, using random from all found sensors.
2026/03/18 (16:34:07) | ERROR: Couldn't determine terminal size of "STDOUT_FILENO"!
2026/03/18 (16:34:07) | ERROR: Couldn't determine terminal size of "/dev/tty"!

2026/03/19 (08:10:46) | ===> btop++ v.1.4.0
2026/03/19 (08:10:46) | WARNING: No good candidate for cpu sensor found, using random from all found sensors.

2026/03/19 (12:40:14) | ===> btop++ v.1.4.0
2026/03/19 (12:40:14) | WARNING: No good candidate for cpu sensor found, using random from all found sensors.

2026/03/19 (13:51:22) | ===> btop++ v.1.4.0
2026/03/19 (13:51:22) | WARNING: No good candidate for cpu sensor found, using random from all found sensors.

2026/03/20 (09:25:21) | ===> btop++ v.1.4.0
2026/03/20 (09:25:21) | WARNING: No good candidate for cpu sensor found, using random from all found sensors.

2026/03/20 (14:37:34) | ===> btop++ v.1.4.0
2026/03/20 (14:37:34) | WARNING: No good candidate for cpu sensor found, using random from all found sensors.

2026/03/20 (14:47:00) | ===> btop++ v.1.4.0
2026/03/20 (14:47:00) | WARNING: No good candidate for cpu sensor found, using random from all found sensors.

2026/03/20 (16:13:38) | ===> btop++ v.1.4.0
2026/03/20 (16:13:38) | WARNING: No good candidate for cpu sensor found, using random from all found sensors.

2026/03/23 (11:04:20) | ===> btop++ v.1.4.0
2026/03/23 (11:04:20) | WARNING: No good candidate for cpu sensor found, using random from all found sensors.

2026/03/24 (10:53:20) | ===> btop++ v.1.4.0
2026/03/24 (10:53:20) | WARNING: No good candidate for cpu sensor found, using random from all found sensors.

2026/03/26 (08:23:57) | ===> btop++ v.1.4.0
2026/03/26 (08:23:57) | WARNING: No good candidate for cpu sensor found, using random from all found sensors.

2026/03/30 (08:18:28) | ===> btop++ v.1.4.0
2026/03/30 (08:18:28) | WARNING: No good candidate for cpu sensor found, using random from all found sensors.

2026/03/30 (11:03:31) | ===> btop++ v.1.4.0
2026/03/30 (11:03:31) | WARNING: No good candidate for cpu sensor found, using random from all found sensors.

2026/04/06 (12:30:33) | ===> btop++ v.1.4.0
2026/04/06 (12:30:33) | WARNING: No good candidate for cpu sensor found, using random from all found sensors.

2026/04/08 (15:32:35) | ===> btop++ v.1.4.0
2026/04/08 (15:32:35) | ERROR: No tty detected!
btop++ needs an interactive shell to run.

2026/04/15 (08:12:58) | ===> btop++ v.1.4.0
2026/04/15 (08:12:58) | WARNING: No good candidate for cpu sensor found, using random from all found sensors.

2026/04/15 (08:34:42) | ===> btop++ v.1.4.0
2026/04/15 (08:34:42) | WARNING: No good candidate for cpu sensor found, using random from all found sensors.

2026/04/16 (12:56:02) | ===> btop++ v.1.4.0
2026/04/16 (12:56:02) | WARNING: No good candidate for cpu sensor found, using random from all found sensors.

2026/04/16 (13:08:46) | ===> btop++ v.1.4.0
2026/04/16 (13:08:46) | WARNING: No good candidate for cpu sensor found, using random from all found sensors.

2026/04/16 (14:06:13) | ===> btop++ v.1.4.0
2026/04/16 (14:06:13) | WARNING: No good candidate for cpu sensor found, using random from all found sensors.
